Microchip MPLAB XC8 Compiler V2.46

Linker command line:

-W-3 \
  --edf=C:\Program Files\Microchip\xc8\v2.46\pic\dat\20240104201356_en.msgs \
  -cn -h+dist/default/production\PROG.X.production.sym \
  --cmf=dist/default/production\PROG.X.production.cmf -z -Q16F877A \
  -oC:\Users\danta\AppData\Local\Temp\xcAs6ho.\driver_tmp_3.o \
  --defsym=__MPLAB_BUILD=1 --fixupoverflow=error \
  -Mdist/default/production/PROG.X.production.map \
  --md=C:\Users\danta\AppData\Local\Temp\xcAs6ho.\driver_tmp_0.dat -E1 \
  -ver=XC8 Compiler --acfsm=1493 -ACODE=00h-07FFhx4 -ASTRCODE=00h-01FFFh \
  -ASTRING=00h-0FFhx32 -ACONST=00h-0FFhx32 -AENTRY=00h-0FFhx32 \
  -ACOMMON=070h-07Fh -ABANK0=020h-06Fh -ABANK1=0A0h-0EFh \
  -ABANK2=0110h-016Fh -ABANK3=0190h-01EFh \
  -ARAM=020h-06Fh,0A0h-0EFh,0110h-016Fh,0190h-01EFh \
  -AABS1=020h-07Fh,0A0h-0EFh,0110h-016Fh,0190h-01EFh -ASFR0=00h-01Fh \
  -ASFR1=080h-09Fh -ASFR2=0100h-010Fh -ASFR3=0180h-018Fh \
  -ACONFIG=02007h-02007h -DCONFIG=2 -AIDLOC=02000h-02003h -DIDLOC=2 \
  -AEEDATA=00h-0FFh/02100h -peeprom_data=EEDATA -DEEDATA=2 -DCODE=2 \
  -DSTRCODE=2 -DSTRING=2 -DCONST=2 -DENTRY=2 \
  -preset_vec=00h,intentry=04h,sivt,init,end_init -ppowerup=CODE \
  -pcinit=CODE -pfunctab=ENTRY -k \
  C:\Users\danta\AppData\Local\Temp\xcAs6ho.\driver_tmp_12.o \
  dist/default/production\PROG.X.production.o 

Object code version is 3.11

Machine type is 16F877A



                Name                               Link     Load   Length Selector   Space Scale
C:\Users\danta\AppData\Local\Temp\xcAs6ho.\driver_tmp_12.o
                end_init                             12       12        3        8       0
                reset_vec                             0        0        3        0       0
                config                             2007     2007        1        0       4
                idloc                              2000     2000        4        0       5
dist/default/production\PROG.X.production.o
                cinit                                15       15        E        8       0
                intentry                              4        4        E        8       0
                config                             2007     2007        1        0       4
                idloc                              2000     2000        4        0       5
                text17                              428      428       A5        8       0
                text16                              7B2      7B2       10      ADE       0
                text15                              383      383       A5        8       0
                text14                              73F      73F       1F      ADE       0
                text13                              688      688       3F      ADE       0
                text12                              78D      78D       14      ADE       0
                text11                              778      778       15      ADE       0
                text10                              75E      75E       1A      ADE       0
                text9                                23       23      20E        8       0
                text8                               2DA      2DA       A9        8       0
                text7                               7A1      7A1       11      ADE       0
                text6                               6C7      6C7       2E      ADE       0
                text5                               231      231       A9        8       0
                text4                               71C      71C       23      ADE       0
                text3                               645      645       43      ADE       0
                text2                               5DC      5DC       69      ADE       0
                text1                               6F5      6F5       27      ADE       0
                maintext                            56F      56F       6D      ADE       0
                cstackBANK0                          20       20       17       20       1
                cstackCOMMON                         70       70        8       70       1
                bssBANK0                             37       37        1       20       1
                dataCOMMON                           7B       7B        1       70       1
                bssCOMMON                            78       78        3       70       1
                strings                             500      500       6F      A00       0
                idataCOMMON                         7C2      7C2        1      ADE       0

TOTAL           Name                               Link     Load   Length     Space
        CLASS   CODE           
                end_init                             12       12        3         0
                cinit                                15       15        E         0
                intentry                              4        4        E         0
                reset_vec                             0        0        3         0
                text17                              428      428       A5         0
                text16                              7B2      7B2       10         0
                text15                              383      383       A5         0
                text14                              73F      73F       1F         0
                text13                              688      688       3F         0
                text12                              78D      78D       14         0
                text11                              778      778       15         0
                text10                              75E      75E       1A         0
                text9                                23       23      20E         0
                text8                               2DA      2DA       A9         0
                text7                               7A1      7A1       11         0
                text6                               6C7      6C7       2E         0
                text5                               231      231       A9         0
                text4                               71C      71C       23         0
                text3                               645      645       43         0
                text2                               5DC      5DC       69         0
                text1                               6F5      6F5       27         0
                maintext                            56F      56F       6D         0
                idataCOMMON                         7C2      7C2        1         0

        CLASS   STRCODE        

        CLASS   STRING         
                strings                             500      500       6F         0

        CLASS   CONST          

        CLASS   ENTRY          

        CLASS   COMMON         
                cstackCOMMON                         70       70        8         1
                dataCOMMON                           7B       7B        1         1
                bssCOMMON                            78       78        3         1

        CLASS   BANK0          
                cstackBANK0                          20       20       17         1
                bssBANK0                             37       37        1         1

        CLASS   BANK1          

        CLASS   BANK2          

        CLASS   BANK3          

        CLASS   RAM            

        CLASS   ABS1           
                abs_s1                               7E       7E        2         1

        CLASS   SFR0           

        CLASS   SFR1           

        CLASS   SFR2           

        CLASS   SFR3           

        CLASS   CONFIG         
                config                             2007     2007        1         4

        CLASS   IDLOC          
                idloc                              2000     2000        4         5

        CLASS   EEDATA         

        CLASS   HEAP           

        CLASS   STACK          



SEGMENTS        Name                           Load    Length   Top    Selector   Space  Class     Delta

                reset_vec                      000000  000003  000003         0       0  CODE        2
                intentry                       000004  0004C9  0004CD         8       0  CODE        2
                cstackBANK0                    000020  000018  000038        20       1  BANK0       1
                cstackCOMMON                   000070  00000C  00007C        70       1  COMMON      1
                strings                        000500  00006F  00056F       A00       0  STRING      2
                maintext                       00056F  000254  0007C3       ADE       0  CODE        2


UNUSED ADDRESS RANGES

        Name                Unused          Largest block    Delta
        BANK0            0038-006F             38           1
        BANK1            00A0-00EF             50           1
        BANK2            0110-016F             60           1
        BANK3            0190-01EF             60           1
        CODE             0003-0003              1           2
                         04CD-04FF             33
                         07C3-1FFF            800
        COMMON           007C-007D              2           1
        CONST            0003-0003              1           2
                         04CD-04FF             33
                         07C3-1FFF            100
        EEDATA           2100-21FF            100           2
        ENTRY            0003-0003              1           2
                         04CD-04FF             33
                         07C3-1FFF            100
        RAM              0038-006F             38           1
                         00A0-00EF             50
                         0110-016F             60
                         0190-01EF             60
        SFR0             0000-001F             20           1
        SFR1             0080-009F             20           1
        SFR2             0100-010F             10           1
        SFR3             0180-018F             10           1
        STRCODE          0003-0003              1           2
                         04CD-04FF             33
                         07C3-1FFF           183D
        STRING           0003-0003              1           2
                         04CD-04FF             33
                         07C3-1FFF            100

                                  Symbol Table

?___awdiv                cstackBANK0  002D
?___wmul                 cstackBANK0  0027
LCD_Char@dat             cstackBANK0  0029
LCD_Command@cmd          cstackBANK0  0029
LCD_String@msg           cstackBANK0  002A
LCD_String_xy@location   cstackBANK0  002E
LCD_String_xy@msg        cstackBANK0  002C
LCD_String_xy@pos        cstackBANK0  002B
LCD_String_xy@row        cstackBANK0  002D
Multiplicador@valor      cstackCOMMON 0073
_ADCON0                  (abs)        001F
_ADCON1                  (abs)        009F
_CCP1CON                 (abs)        0017
_CCPR1L                  (abs)        0015
_CMCON                   (abs)        009C
_INTCONbits              (abs)        000B
_LCD_Char                text5        0231
_LCD_Clear               text7        07A1
_LCD_Command             text8        02DA
_LCD_Init                text6        06C7
_LCD_String              text4        071C
_LCD_String_xy           text3        0645
_Manual_Limpa            text12       078D
_Multiplicador           text10       075E
_OPTION_REG              (abs)        0081
_PORTA                   (abs)        0005
_PORTB                   (abs)        0006
_PORTBbits               (abs)        0006
_PORTC                   (abs)        0007
_PORTD                   (abs)        0008
_PORTDbits               (abs)        0008
_PORTE                   (abs)        0009
_PR2                     (abs)        0092
_PWM_DUTY                bssBANK0     0037
_PWM_MANUAL              bssCOMMON    0079
_T2CON                   (abs)        0012
_TMR0                    (abs)        0001
_TRISA                   (abs)        0085
_TRISB                   (abs)        0086
_TRISC                   (abs)        0087
_TRISD                   (abs)        0088
_TRISE                   (abs)        0089
__H__absolute__          __absolute__ 0000
__Habs1                  abs1         0000
__Hbank0                 bank0        0000
__Hbank1                 bank1        0000
__Hbank2                 bank2        0000
__Hbank3                 bank3        0000
__HbssBANK0              bssBANK0     0000
__HbssCOMMON             bssCOMMON    0000
__Hcinit                 cinit        0023
__Hclrtext               clrtext      0000
__Hcode                  code         0000
__Hcommon                common       0000
__Hconfig                config       2008
__HcstackBANK0           cstackBANK0  0000
__HcstackCOMMON          cstackCOMMON 0000
__HdataCOMMON            dataCOMMON   0000
__Heeprom_data           eeprom_data  0000
__Hend_init              end_init     0015
__Hfunctab               functab      0000
__Hheap                  heap         0000
__HidataCOMMON           idataCOMMON  0000
__Hidloc                 idloc        2004
__Hinit                  init         0012
__Hintentry              intentry     0012
__Hmaintext              maintext     0000
__Hpowerup               powerup      0000
__Hram                   ram          0000
__Hreset_vec             reset_vec    0003
__Hsfr0                  sfr0         0000
__Hsfr1                  sfr1         0000
__Hsfr2                  sfr2         0000
__Hsfr3                  sfr3         0000
__Hsivt                  sivt         0012
__Hspace_0               (abs)        07C3
__Hspace_1               (abs)        007C
__Hspace_2               (abs)        0000
__Hspace_3               (abs)        0000
__Hspace_4               (abs)        400F
__Hstack                 stack        0000
__Hstrings               strings      0000
__Htext                  text         0000
__L__absolute__          __absolute__ 0000
__Labs1                  abs1         0000
__Lbank0                 bank0        0000
__Lbank1                 bank1        0000
__Lbank2                 bank2        0000
__Lbank3                 bank3        0000
__LbssBANK0              bssBANK0     0000
__LbssCOMMON             bssCOMMON    0000
__Lcinit                 cinit        0015
__Lclrtext               clrtext      0000
__Lcode                  code         0000
__Lcommon                common       0000
__Lconfig                config       0000
__LcstackBANK0           cstackBANK0  0000
__LcstackCOMMON          cstackCOMMON 0000
__LdataCOMMON            dataCOMMON   0000
__Leeprom_data           eeprom_data  0000
__Lend_init              end_init     0012
__Lfunctab               functab      0000
__Lheap                  heap         0000
__LidataCOMMON           idataCOMMON  0000
__Lidloc                 idloc        0000
__Linit                  init         0012
__Lintentry              intentry     0004
__Lmaintext              maintext     0000
__Lpowerup               powerup      0000
__Lram                   ram          0000
__Lreset_vec             reset_vec    0000
__Lsfr0                  sfr0         0000
__Lsfr1                  sfr1         0000
__Lsfr2                  sfr2         0000
__Lsfr3                  sfr3         0000
__Lsivt                  sivt         0012
__Lspace_0               (abs)        0000
__Lspace_1               (abs)        0000
__Lspace_2               (abs)        0000
__Lspace_3               (abs)        0000
__Lspace_4               (abs)        0000
__Lstack                 stack        0000
__Lstrings               strings      0000
__Ltext                  text         0000
__S0                     (abs)        07C3
__S1                     (abs)        007C
__S3                     (abs)        0000
___awdiv                 text2        05DC
___awdiv@counter         cstackBANK0  0031
___awdiv@dividend        cstackBANK0  002F
___awdiv@divisor         cstackBANK0  002D
___awdiv@quotient        cstackBANK0  0033
___awdiv@sign            cstackBANK0  0032
___bmul                  text11       0778
___bmul@multiplicand     cstackCOMMON 0070
___bmul@multiplier       cstackCOMMON 0072
___bmul@product          cstackCOMMON 0071
___heap_hi               (abs)        0000
___heap_lo               (abs)        0000
___int_sp                stack        0000
___int_stack_hi          stack        0000
___int_stack_lo          stack        0000
___latbits               (abs)        0002
___sp                    stack        0000
___stack_hi              stack        0000
___stack_lo              stack        0000
___stackhi               (abs)        0000
___stacklo               (abs)        0000
___wmul                  text1        06F5
___wmul@multiplicand     cstackBANK0  0029
___wmul@multiplier       cstackBANK0  0027
___wmul@product          cstackBANK0  002B
__end_of_LCD_Char        text5        02DA
__end_of_LCD_Clear       text7        07B2
__end_of_LCD_Command     text8        0383
__end_of_LCD_Init        text6        06F5
__end_of_LCD_String      text4        073F
__end_of_LCD_String_xy   text3        0688
__end_of_Manual_Limpa    text12       07A1
__end_of_Multiplicador   text10       0778
__end_of___awdiv         text2        0645
__end_of___bmul          text11       078D
__end_of___wmul          text1        071C
__end_of__initialization cinit        001F
__end_of__stringtab      strings      0506
__end_of_main            maintext     05DC
__end_of_teclado         text9        0231
__end_ofi1_LCD_Char      text15       0428
__end_ofi1_LCD_Clear     text16       07C2
__end_ofi1_LCD_Command   text17       04CD
__end_ofi1_LCD_String    text14       075E
__end_ofi1_LCD_String_xy text13       06C7
__initialization         cinit        0015
__pbssBANK0              bssBANK0     0037
__pbssCOMMON             bssCOMMON    0078
__pcstackBANK0           cstackBANK0  0020
__pcstackCOMMON          cstackCOMMON 0070
__pdataCOMMON            dataCOMMON   007B
__pidataCOMMON           idataCOMMON  07C2
__pintentry              intentry     0004
__pmaintext              maintext     056F
__pstrings               strings      0500
__ptext1                 text1        06F5
__ptext10                text10       075E
__ptext11                text11       0778
__ptext12                text12       078D
__ptext13                text13       0688
__ptext14                text14       073F
__ptext15                text15       0383
__ptext16                text16       07B2
__ptext17                text17       0428
__ptext2                 text2        05DC
__ptext3                 text3        0645
__ptext4                 text4        071C
__ptext5                 text5        0231
__ptext6                 text6        06C7
__ptext7                 text7        07A1
__ptext8                 text8        02DA
__ptext9                 text9        0023
__stringbase             strings      0505
__stringtab              strings      0500
_controle                dataCOMMON   007B
_i                       bssCOMMON    0078
_main                    maintext     056F
_teclado                 text9        0023
btemp                    (abs)        007E
end_of_initialization    cinit        001F
i1LCD_Char@dat           cstackCOMMON 0072
i1LCD_Command@cmd        cstackCOMMON 0072
i1LCD_String@msg         cstackCOMMON 0073
i1LCD_String_xy@location cstackCOMMON 0077
i1LCD_String_xy@msg      cstackCOMMON 0075
i1LCD_String_xy@pos      cstackCOMMON 0074
i1LCD_String_xy@row      cstackCOMMON 0076
i1_LCD_Char              text15       0383
i1_LCD_Clear             text16       07B2
i1_LCD_Command           text17       0428
i1_LCD_String            text14       073F
i1_LCD_String_xy         text13       0688
interrupt_function       intentry     0004
intlevel0                functab      0000
intlevel1                functab      0000
intlevel2                functab      0000
intlevel3                functab      0000
intlevel4                functab      0000
intlevel5                functab      0000
reset_vec                reset_vec    0000
saved_w                  (abs)        007E
start                    init         0012
start_initialization     cinit        0015
wtemp0                   (abs)        007E


MODULE INFORMATION

Module		Function		Class		Link	Load	Size
C:\Program Files\Microchip\xc8\v2.46\pic\sources\c99\common\awdiv.c
		___awdiv       		CODE           	05DC	0000	105

C:\Program Files\Microchip\xc8\v2.46\pic\sources\c99\common\awdiv.c estimated size: 105

C:\Program Files\Microchip\xc8\v2.46\pic\sources\c99\common\Umul8.c
		___bmul        		CODE           	0778	0000	21

C:\Program Files\Microchip\xc8\v2.46\pic\sources\c99\common\Umul8.c estimated size: 21

shared
		__stringtab    		STRING         	0500	0000	6
		i1_LCD_Char    		CODE           	0383	0000	165
		i1_LCD_Clear   		CODE           	07B2	0000	16
		i1_LCD_String  		CODE           	073F	0000	31
		i1_LCD_Command 		CODE           	0428	0000	165
		__initialization		CODE           	0015	0000	10
		i1_LCD_String_xy		CODE           	0688	0000	63

shared estimated size: 456

C:\Program Files\Microchip\xc8\v2.46\pic\sources\c99\common\Umul16.c
		___wmul        		CODE           	06F5	0000	39

C:\Program Files\Microchip\xc8\v2.46\pic\sources\c99\common\Umul16.c estimated size: 39

main.c
		_Manual_Limpa  		CODE           	078D	0000	20
		_LCD_String    		CODE           	071C	0000	35
		_LCD_Init      		CODE           	06C7	0000	46
		_Multiplicador 		CODE           	075E	0000	26
		_LCD_Command   		CODE           	02DA	0000	169
		_LCD_String_xy 		CODE           	0645	0000	67
		_main          		CODE           	056F	0000	109
		_LCD_Char      		CODE           	0231	0000	169
		_teclado       		CODE           	0023	0000	526
		_LCD_Clear     		CODE           	07A1	0000	17

main.c estimated size: 1184

